// Jest Snapshot v1, https://goo.gl/fbAQLP

exports[`Pruebas en <GifItem/> debe hacer match con el snapshot 1`] = `
<div>
  <div
    class="card"
  >
    <img
      alt="goku"
      src="https://goku.com/goku.jpg"
    />
    <p>
      goku
    </p>
  </div>
</div>
`;
